
> bengaluru-swada@0.0.0 build
> ng build

[33mÔØ»[39m Building...
[32mÔ£ö[39m Building...
Application bundle generation failed. [2.978 seconds]

node.exe : [1m[31m[31mX 
[41;31m[[41;97mERROR[41;31m][0m [1mNG5002: Incomplete 
block "". If you meant to write the @ character, you should 
use the "&#64;" HTML entity instead.[0m [1m[35m[plugin 
angular-compiler][0m
At line:1 char:1
+ & "C:\Program Files\nodejs/node.exe" "C:\Program 
Files\nodejs/node_mo ...
+ ~~~~~~~~~~~~~~~~~~~~~~~~~~~~~~~~~~~~~~~~~~~~~~~~~~~~~~~~~~~
~~~~~~~~~~
    + CategoryInfo          : NotSpecified: ([1m[31m[31mX 
   ...r-compiler][0m:String) [], RemoteException
    + FullyQualifiedErrorId : NativeCommandError
 

    src/app/profile/profile.component.html:29:40:
[37m      29 Ôöé                 <p 
class="handle"><span>[32m@[37m</span>{{userName}}</p>
         ÔòÁ                                         
[32m^[0m

  Error occurs in the template of component ProfileComponent.

    src/app/profile/profile.component.ts:13:17:
[37m      13 Ôöé     templateUrl: 
[32m'./profile.component.html'[37m,
         ÔòÁ                  
[32m~~~~~~~~~~~~~~~~~~~~~~~~~~[0m

[39m[22m
